2026.06.07 21:14:12 INFO  Started: Metals version 1.6.7 in folders 'C:\Users\pc\dio-design-patterns' for client Visual Studio Code 1.122.1.
2026.06.07 21:14:12 INFO  Memory monitor started
2026.06.07 21:14:13 WARN  Using H2 2.4.240 which is newer than the version Flyway has been verified with. The latest verified version of H2 is 2.3.232.
2026.06.07 21:14:15 INFO  no build target found for C:\Users\pc\dio-design-patterns\src\singleton\ConexaoBanco.java. Using fallback presentation compiler.
2026.06.07 21:14:15 WARN  no build tool detected in workspace 'C:\Users\pc\dio-design-patterns'. The most common cause for this problem is that the editor was opened in the wrong working directory, for example if you use sbt then the workspace directory should contain build.sbt. 
2026.06.07 21:14:15 WARN  Build server is not auto-connectable.
2026.06.07 21:14:15 WARN  no build target for: C:\Users\pc\dio-design-patterns\src\singleton\ConexaoBanco.java
2026.06.07 21:14:15 INFO  no build target found for C:\Users\pc\dio-design-patterns\src\singleton\ConexaoBanco.java. Using fallback presentation compiler.
2026.06.07 21:14:15 WARN  Running javac-semanticdb failed for file:///C:/Users/pc/dio-design-patterns/src/singleton/ConexaoBanco.java. Output:

2026.06.07 21:14:21 INFO  no build target found for C:\Users\pc\dio-design-patterns\src\singleton\ConexaoBanco.java. Using fallback presentation compiler.
2026.06.07 21:14:34 INFO  no build target found for C:\Users\pc\dio-design-patterns\src\singleton\ConexaoBanco.java. Using fallback presentation compiler.
2026.06.07 21:14:35 WARN  no build target for: C:\Users\pc\dio-design-patterns\src\singleton\TesteSingleton.java
2026.06.07 21:14:35 WARN  Running javac-semanticdb failed for file:///C:/Users/pc/dio-design-patterns/src/singleton/TesteSingleton.java. Output:

2026.06.07 21:14:36 INFO  no build target found for C:\Users\pc\dio-design-patterns\src\singleton\TesteSingleton.java. Using fallback presentation compiler.
2026.06.07 21:14:41 INFO  no build target found for C:\Users\pc\dio-design-patterns\src\singleton\TesteSingleton.java. Using fallback presentation compiler.
2026.06.07 21:14:41 INFO  no build target found for C:\Users\pc\dio-design-patterns\src\singleton\TesteSingleton.java. Using fallback presentation compiler.
jun. 07, 2026 9:14:42 PM org.eclipse.lsp4j.jsonrpc.RemoteEndpoint handleCancellation
ADVERTÊNCIA: Unmatched cancel notification for request id 25
2026.06.07 21:14:41 INFO  no build target found for C:\Users\pc\dio-design-patterns\src\singleton\TesteSingleton.java. Using fallback presentation compiler.
2026.06.07 21:14:42 WARN  no build target for: C:\Users\pc\dio-design-patterns\src\singleton\TesteSingleton.java
2026.06.07 21:14:42 INFO  no build target found for C:\Users\pc\dio-design-patterns\src\singleton\TesteSingleton.java. Using fallback presentation compiler.
2026.06.07 21:14:42 INFO  no build target found for C:\Users\pc\dio-design-patterns\src\singleton\TesteSingleton.java. Using fallback presentation compiler.
jun. 07, 2026 9:14:43 PM org.eclipse.lsp4j.jsonrpc.RemoteEndpoint handleCancellation
ADVERTÊNCIA: Unmatched cancel notification for request id 30
2026.06.07 21:14:42 INFO  no build target found for C:\Users\pc\dio-design-patterns\src\singleton\TesteSingleton.java. Using fallback presentation compiler.
2026.06.07 21:15:26 WARN  no build target for: C:\Users\pc\dio-design-patterns\src\strategy\TesteSingleton.java
2026.06.07 21:15:26 INFO  no build target found for C:\Users\pc\dio-design-patterns\src\strategy\TesteSingleton.java. Using fallback presentation compiler.
2026.06.07 21:15:26 WARN  Running javac-semanticdb failed for file:///C:/Users/pc/dio-design-patterns/src/strategy/TesteSingleton.java. Output:

2026.06.07 21:15:27 INFO  no build target found for C:\Users\pc\dio-design-patterns\src\strategy\TesteSingleton.java. Using fallback presentation compiler.
2026.06.07 21:15:27 INFO  no build target found for C:\Users\pc\dio-design-patterns\src\strategy\TesteSingleton.java. Using fallback presentation compiler.
2026.06.07 21:15:27 INFO  no build target found for C:\Users\pc\dio-design-patterns\src\strategy\TesteSingleton.java. Using fallback presentation compiler.
2026.06.07 21:15:27 INFO  no build target found for C:\Users\pc\dio-design-patterns\src\strategy\TesteSingleton.java. Using fallback presentation compiler.
2026.06.07 21:15:28 WARN  no build target for: C:\Users\pc\dio-design-patterns\src\strategy\TesteSingleton.java
2026.06.07 21:15:28 INFO  no build target found for C:\Users\pc\dio-design-patterns\src\strategy\TesteSingleton.java. Using fallback presentation compiler.
2026.06.07 21:15:27 INFO  no build target found for C:\Users\pc\dio-design-patterns\src\strategy\TesteSingleton.java. Using fallback presentation compiler.
2026.06.07 21:15:28 INFO  no build target found for C:\Users\pc\dio-design-patterns\src\strategy\TesteSingleton.java. Using fallback presentation compiler.
2026.06.07 21:16:01 INFO  no build target found for c:\Users\pc\dio-design-patterns\src\strategy\TesteSingleton.java. Using fallback presentation compiler.
2026.06.07 21:16:01 INFO  no build target found for C:\Users\pc\dio-design-patterns\src\strategy\Comportamento.java. Using fallback presentation compiler.
2026.06.07 21:16:01 WARN  no build target for: C:\Users\pc\dio-design-patterns\src\strategy\Comportamento.java
2026.06.07 21:16:01 INFO  no build target found for c:\Users\pc\dio-design-patterns\src\strategy\TesteSingleton.java. Using fallback presentation compiler.
jun. 07, 2026 9:16:02 PM org.eclipse.lsp4j.jsonrpc.RemoteEndpoint handleCancellation
ADVERTÊNCIA: Unmatched cancel notification for request id 54
2026.06.07 21:16:01 INFO  no build target found for C:\Users\pc\dio-design-patterns\src\strategy\Comportamento.java. Using fallback presentation compiler.
2026.06.07 21:16:02 INFO  no build target found for C:\Users\pc\dio-design-patterns\src\strategy\Comportamento.java. Using fallback presentation compiler.
jun. 07, 2026 9:16:02 PM org.eclipse.lsp4j.jsonrpc.RemoteEndpoint handleCancellation
ADVERTÊNCIA: Unmatched cancel notification for request id 56
2026.06.07 21:16:01 INFO  no build target found for C:\Users\pc\dio-design-patterns\src\strategy\Comportamento.java. Using fallback presentation compiler.
2026.06.07 21:16:01 INFO  no build target found for C:\Users\pc\dio-design-patterns\src\strategy\Comportamento.java. Using fallback presentation compiler.
jun. 07, 2026 9:16:02 PM org.eclipse.lsp4j.jsonrpc.RemoteEndpoint handleCancellation
ADVERTÊNCIA: Unmatched cancel notification for request id 60
2026.06.07 21:16:02 WARN  no build target for: C:\Users\pc\dio-design-patterns\src\strategy\Comportamento.java
2026.06.07 21:16:02 INFO  no build target found for C:\Users\pc\dio-design-patterns\src\strategy\Comportamento.java. Using fallback presentation compiler.
2026.06.07 21:16:02 INFO  no build target found for C:\Users\pc\dio-design-patterns\src\strategy\Comportamento.java. Using fallback presentation compiler.
2026.06.07 21:16:02 INFO  no build target found for C:\Users\pc\dio-design-patterns\src\strategy\Comportamento.java. Using fallback presentation compiler.
2026.06.07 21:16:23 WARN  no build target for: C:\Users\pc\dio-design-patterns\src\strategy\Carro.java
2026.06.07 21:16:23 WARN  Running javac-semanticdb failed for file:///C:/Users/pc/dio-design-patterns/src/strategy/Carro.java. Output:

2026.06.07 21:16:23 INFO  no build target found for C:\Users\pc\dio-design-patterns\src\strategy\Carro.java. Using fallback presentation compiler.
2026.06.07 21:16:24 INFO  no build target found for C:\Users\pc\dio-design-patterns\src\strategy\Carro.java. Using fallback presentation compiler.
2026.06.07 21:16:24 INFO  no build target found for C:\Users\pc\dio-design-patterns\src\strategy\Carro.java. Using fallback presentation compiler.
2026.06.07 21:16:24 INFO  no build target found for C:\Users\pc\dio-design-patterns\src\strategy\Carro.java. Using fallback presentation compiler.
2026.06.07 21:16:24 INFO  no build target found for C:\Users\pc\dio-design-patterns\src\strategy\Carro.java. Using fallback presentation compiler.
2026.06.07 21:16:25 WARN  no build target for: C:\Users\pc\dio-design-patterns\src\strategy\Carro.java
2026.06.07 21:16:25 INFO  no build target found for C:\Users\pc\dio-design-patterns\src\strategy\Carro.java. Using fallback presentation compiler.
2026.06.07 21:16:24 INFO  no build target found for C:\Users\pc\dio-design-patterns\src\strategy\Carro.java. Using fallback presentation compiler.
2026.06.07 21:16:25 INFO  no build target found for C:\Users\pc\dio-design-patterns\src\strategy\Carro.java. Using fallback presentation compiler.
2026.06.07 21:16:46 WARN  no build target for: C:\Users\pc\dio-design-patterns\src\strategy\Bicicleta.java
2026.06.07 21:16:46 WARN  Running javac-semanticdb failed for file:///C:/Users/pc/dio-design-patterns/src/strategy/Bicicleta.java. Output:

2026.06.07 21:16:46 INFO  no build target found for C:\Users\pc\dio-design-patterns\src\strategy\Bicicleta.java. Using fallback presentation compiler.
2026.06.07 21:16:47 INFO  no build target found for C:\Users\pc\dio-design-patterns\src\strategy\Bicicleta.java. Using fallback presentation compiler.
2026.06.07 21:16:47 INFO  no build target found for C:\Users\pc\dio-design-patterns\src\strategy\Bicicleta.java. Using fallback presentation compiler.
2026.06.07 21:16:47 INFO  no build target found for C:\Users\pc\dio-design-patterns\src\strategy\Bicicleta.java. Using fallback presentation compiler.
2026.06.07 21:16:47 INFO  no build target found for C:\Users\pc\dio-design-patterns\src\strategy\Bicicleta.java. Using fallback presentation compiler.
2026.06.07 21:16:48 WARN  no build target for: C:\Users\pc\dio-design-patterns\src\strategy\Bicicleta.java
2026.06.07 21:16:48 INFO  no build target found for C:\Users\pc\dio-design-patterns\src\strategy\Bicicleta.java. Using fallback presentation compiler.
2026.06.07 21:16:48 INFO  no build target found for C:\Users\pc\dio-design-patterns\src\strategy\Bicicleta.java. Using fallback presentation compiler.
2026.06.07 21:16:48 INFO  no build target found for C:\Users\pc\dio-design-patterns\src\strategy\Bicicleta.java. Using fallback presentation compiler.
2026.06.07 21:17:10 WARN  no build target for: C:\Users\pc\dio-design-patterns\src\strategy\Usuario.java
2026.06.07 21:17:10 WARN  Running javac-semanticdb failed for file:///C:/Users/pc/dio-design-patterns/src/strategy/Usuario.java. Output:

2026.06.07 21:17:10 INFO  no build target found for C:\Users\pc\dio-design-patterns\src\strategy\Usuario.java. Using fallback presentation compiler.
2026.06.07 21:17:11 INFO  no build target found for C:\Users\pc\dio-design-patterns\src\strategy\Usuario.java. Using fallback presentation compiler.
2026.06.07 21:17:11 INFO  no build target found for C:\Users\pc\dio-design-patterns\src\strategy\Usuario.java. Using fallback presentation compiler.
2026.06.07 21:17:11 INFO  no build target found for C:\Users\pc\dio-design-patterns\src\strategy\Usuario.java. Using fallback presentation compiler.
2026.06.07 21:17:11 INFO  no build target found for C:\Users\pc\dio-design-patterns\src\strategy\Usuario.java. Using fallback presentation compiler.
2026.06.07 21:17:12 WARN  no build target for: C:\Users\pc\dio-design-patterns\src\strategy\Usuario.java
2026.06.07 21:17:12 INFO  no build target found for C:\Users\pc\dio-design-patterns\src\strategy\Usuario.java. Using fallback presentation compiler.
2026.06.07 21:17:12 INFO  no build target found for C:\Users\pc\dio-design-patterns\src\strategy\Usuario.java. Using fallback presentation compiler.
2026.06.07 21:17:12 INFO  no build target found for C:\Users\pc\dio-design-patterns\src\strategy\Usuario.java. Using fallback presentation compiler.
2026.06.07 21:17:25 WARN  no build target for: C:\Users\pc\dio-design-patterns\src\strategy\TesteStrategy.java
2026.06.07 21:17:25 WARN  Running javac-semanticdb failed for file:///C:/Users/pc/dio-design-patterns/src/strategy/TesteStrategy.java. Output:

2026.06.07 21:17:25 INFO  no build target found for C:\Users\pc\dio-design-patterns\src\strategy\TesteStrategy.java. Using fallback presentation compiler.
2026.06.07 21:17:26 INFO  no build target found for C:\Users\pc\dio-design-patterns\src\strategy\TesteStrategy.java. Using fallback presentation compiler.
2026.06.07 21:17:26 INFO  no build target found for C:\Users\pc\dio-design-patterns\src\strategy\TesteStrategy.java. Using fallback presentation compiler.
2026.06.07 21:17:26 INFO  no build target found for C:\Users\pc\dio-design-patterns\src\strategy\TesteStrategy.java. Using fallback presentation compiler.
2026.06.07 21:17:26 INFO  no build target found for C:\Users\pc\dio-design-patterns\src\strategy\TesteStrategy.java. Using fallback presentation compiler.
2026.06.07 21:17:26 WARN  Running javac-semanticdb failed for file:///C:/Users/pc/dio-design-patterns/src/strategy/TesteStrategy.java. Output:

2026.06.07 21:17:27 WARN  no build target for: C:\Users\pc\dio-design-patterns\src\strategy\TesteStrategy.java
2026.06.07 21:17:27 INFO  no build target found for C:\Users\pc\dio-design-patterns\src\strategy\TesteStrategy.java. Using fallback presentation compiler.
2026.06.07 21:17:32 INFO  no build target found for C:\Users\pc\dio-design-patterns\src\strategy\Comportamento.java. Using fallback presentation compiler.
2026.06.07 21:17:32 INFO  no build target found for C:\Users\pc\dio-design-patterns\src\singleton\ConexaoBanco.java. Using fallback presentation compiler.
2026.06.07 21:17:35 INFO  no build target found for C:\Users\pc\dio-design-patterns\src\singleton\TesteSingleton.java. Using fallback presentation compiler.
2026.06.07 21:17:35 INFO  no build target found for C:\Users\pc\dio-design-patterns\src\strategy\Bicicleta.java. Using fallback presentation compiler.
2026.06.07 21:17:35 WARN  no build target for: C:\Users\pc\dio-design-patterns\src\strategy\Bicicleta.java
2026.06.07 21:17:35 INFO  no build target found for C:\Users\pc\dio-design-patterns\src\strategy\Bicicleta.java. Using fallback presentation compiler.
2026.06.07 21:17:35 INFO  no build target found for C:\Users\pc\dio-design-patterns\src\strategy\TesteStrategy.java. Using fallback presentation compiler.
2026.06.07 21:17:36 WARN  no build target for: C:\Users\pc\dio-design-patterns\src\strategy\TesteStrategy.java
2026.06.07 21:17:36 INFO  no build target found for C:\Users\pc\dio-design-patterns\src\strategy\TesteStrategy.java. Using fallback presentation compiler.
2026.06.07 21:17:57 WARN  no build target for: C:\Users\pc\dio-design-patterns\src\chain\Aprovador.java
2026.06.07 21:17:57 WARN  Running javac-semanticdb failed for file:///C:/Users/pc/dio-design-patterns/src/chain/Aprovador.java. Output:

2026.06.07 21:17:57 INFO  no build target found for C:\Users\pc\dio-design-patterns\src\chain\Aprovador.java. Using fallback presentation compiler.
2026.06.07 21:17:57 INFO  no build target found for C:\Users\pc\dio-design-patterns\src\chain\Aprovador.java. Using fallback presentation compiler.
2026.06.07 21:17:57 INFO  no build target found for C:\Users\pc\dio-design-patterns\src\chain\Aprovador.java. Using fallback presentation compiler.
2026.06.07 21:17:58 WARN  Running javac-semanticdb failed for file:///C:/Users/pc/dio-design-patterns/src/chain/Aprovador.java. Output:

2026.06.07 21:17:58 WARN  no build target for: C:\Users\pc\dio-design-patterns\src\chain\Aprovador.java
2026.06.07 21:17:58 INFO  no build target found for C:\Users\pc\dio-design-patterns\src\chain\Aprovador.java. Using fallback presentation compiler.
2026.06.07 21:18:28 WARN  no build target for: C:\Users\pc\dio-design-patterns\src\chain\Analista.java
2026.06.07 21:18:28 INFO  no build target found for C:\Users\pc\dio-design-patterns\src\chain\Analista.java. Using fallback presentation compiler.
2026.06.07 21:18:29 WARN  Running javac-semanticdb failed for file:///C:/Users/pc/dio-design-patterns/src/chain/Analista.java. Output:

2026.06.07 21:18:29 INFO  no build target found for C:\Users\pc\dio-design-patterns\src\chain\Analista.java. Using fallback presentation compiler.
2026.06.07 21:18:29 INFO  no build target found for C:\Users\pc\dio-design-patterns\src\chain\Analista.java. Using fallback presentation compiler.
2026.06.07 21:18:29 INFO  no build target found for C:\Users\pc\dio-design-patterns\src\chain\Analista.java. Using fallback presentation compiler.
2026.06.07 21:18:29 INFO  no build target found for C:\Users\pc\dio-design-patterns\src\chain\Analista.java. Using fallback presentation compiler.
2026.06.07 21:18:29 INFO  no build target found for C:\Users\pc\dio-design-patterns\src\chain\Analista.java. Using fallback presentation compiler.
2026.06.07 21:18:30 WARN  Running javac-semanticdb failed for file:///C:/Users/pc/dio-design-patterns/src/chain/Analista.java. Output:

2026.06.07 21:18:30 INFO  no build target found for C:\Users\pc\dio-design-patterns\src\chain\Analista.java. Using fallback presentation compiler.
2026.06.07 21:18:30 WARN  no build target for: C:\Users\pc\dio-design-patterns\src\chain\Analista.java
2026.06.07 21:18:29 INFO  no build target found for C:\Users\pc\dio-design-patterns\src\chain\Analista.java. Using fallback presentation compiler.
2026.06.07 21:18:30 INFO  no build target found for C:\Users\pc\dio-design-patterns\src\chain\Analista.java. Using fallback presentation compiler.
2026.06.07 21:18:51 WARN  no build target for: C:\Users\pc\dio-design-patterns\src\chain\Coordenador.java
2026.06.07 21:18:51 WARN  Running javac-semanticdb failed for file:///C:/Users/pc/dio-design-patterns/src/chain/Coordenador.java. Output:

2026.06.07 21:18:51 INFO  no build target found for C:\Users\pc\dio-design-patterns\src\chain\Coordenador.java. Using fallback presentation compiler.
2026.06.07 21:18:51 INFO  no build target found for C:\Users\pc\dio-design-patterns\src\chain\Coordenador.java. Using fallback presentation compiler.
2026.06.07 21:18:51 INFO  no build target found for C:\Users\pc\dio-design-patterns\src\chain\Coordenador.java. Using fallback presentation compiler.
2026.06.07 21:18:52 INFO  no build target found for C:\Users\pc\dio-design-patterns\src\chain\Coordenador.java. Using fallback presentation compiler.
2026.06.07 21:18:51 INFO  no build target found for C:\Users\pc\dio-design-patterns\src\chain\Coordenador.java. Using fallback presentation compiler.
2026.06.07 21:18:52 WARN  Running javac-semanticdb failed for file:///C:/Users/pc/dio-design-patterns/src/chain/Coordenador.java. Output:

2026.06.07 21:18:52 WARN  no build target for: C:\Users\pc\dio-design-patterns\src\chain\Coordenador.java
2026.06.07 21:18:52 INFO  no build target found for C:\Users\pc\dio-design-patterns\src\chain\Coordenador.java. Using fallback presentation compiler.
2026.06.07 21:18:51 INFO  no build target found for C:\Users\pc\dio-design-patterns\src\chain\Coordenador.java. Using fallback presentation compiler.
2026.06.07 21:18:53 INFO  no build target found for C:\Users\pc\dio-design-patterns\src\chain\Coordenador.java. Using fallback presentation compiler.
2026.06.07 21:19:09 WARN  no build target for: C:\Users\pc\dio-design-patterns\src\chain\Gerente.java
2026.06.07 21:19:09 WARN  Running javac-semanticdb failed for file:///C:/Users/pc/dio-design-patterns/src/chain/Gerente.java. Output:

2026.06.07 21:19:09 INFO  no build target found for C:\Users\pc\dio-design-patterns\src\chain\Gerente.java. Using fallback presentation compiler.
2026.06.07 21:19:09 INFO  no build target found for C:\Users\pc\dio-design-patterns\src\chain\Gerente.java. Using fallback presentation compiler.
2026.06.07 21:19:09 INFO  no build target found for C:\Users\pc\dio-design-patterns\src\chain\Gerente.java. Using fallback presentation compiler.
2026.06.07 21:19:09 INFO  no build target found for C:\Users\pc\dio-design-patterns\src\chain\Gerente.java. Using fallback presentation compiler.
2026.06.07 21:19:09 INFO  no build target found for C:\Users\pc\dio-design-patterns\src\chain\Gerente.java. Using fallback presentation compiler.
2026.06.07 21:19:10 WARN  Running javac-semanticdb failed for file:///C:/Users/pc/dio-design-patterns/src/chain/Gerente.java. Output:

2026.06.07 21:19:10 WARN  no build target for: C:\Users\pc\dio-design-patterns\src\chain\Gerente.java
2026.06.07 21:19:10 INFO  no build target found for C:\Users\pc\dio-design-patterns\src\chain\Gerente.java. Using fallback presentation compiler.
2026.06.07 21:19:10 INFO  no build target found for C:\Users\pc\dio-design-patterns\src\chain\Gerente.java. Using fallback presentation compiler.
2026.06.07 21:19:10 INFO  no build target found for C:\Users\pc\dio-design-patterns\src\chain\Gerente.java. Using fallback presentation compiler.
2026.06.07 21:19:23 INFO  no build target found for C:\Users\pc\dio-design-patterns\src\strategy\Carro.java. Using fallback presentation compiler.
2026.06.07 21:19:24 WARN  no build target for: C:\Users\pc\dio-design-patterns\src\chain\TesteChain.java
2026.06.07 21:19:24 WARN  Running javac-semanticdb failed for file:///C:/Users/pc/dio-design-patterns/src/chain/TesteChain.java. Output:

2026.06.07 21:19:24 INFO  no build target found for C:\Users\pc\dio-design-patterns\src\chain\TesteChain.java. Using fallback presentation compiler.
2026.06.07 21:19:23 INFO  no build target found for C:\Users\pc\dio-design-patterns\src\chain\TesteChain.java. Using fallback presentation compiler.
2026.06.07 21:19:23 INFO  no build target found for C:\Users\pc\dio-design-patterns\src\chain\TesteChain.java. Using fallback presentation compiler.
2026.06.07 21:19:24 INFO  no build target found for C:\Users\pc\dio-design-patterns\src\chain\TesteChain.java. Using fallback presentation compiler.
2026.06.07 21:19:23 INFO  no build target found for C:\Users\pc\dio-design-patterns\src\chain\TesteChain.java. Using fallback presentation compiler.
2026.06.07 21:19:25 WARN  Running javac-semanticdb failed for file:///C:/Users/pc/dio-design-patterns/src/chain/TesteChain.java. Output:

2026.06.07 21:19:25 WARN  no build target for: C:\Users\pc\dio-design-patterns\src\chain\TesteChain.java
2026.06.07 21:19:25 INFO  no build target found for C:\Users\pc\dio-design-patterns\src\chain\TesteChain.java. Using fallback presentation compiler.
2026.06.07 21:19:25 INFO  no build target found for C:\Users\pc\dio-design-patterns\src\chain\TesteChain.java. Using fallback presentation compiler.
2026.06.07 21:19:46 INFO  no build target found for C:\Users\pc\dio-design-patterns\src\strategy\Bicicleta.java. Using fallback presentation compiler.
2026.06.07 21:20:05 WARN  no build target for: C:\Users\pc\dio-design-patterns\src\Main.java
2026.06.07 21:20:05 WARN  Running javac-semanticdb failed for file:///C:/Users/pc/dio-design-patterns/src/Main.java. Output:

2026.06.07 21:20:05 INFO  no build target found for C:\Users\pc\dio-design-patterns\src\Main.java. Using fallback presentation compiler.
2026.06.07 21:20:05 INFO  no build target found for C:\Users\pc\dio-design-patterns\src\Main.java. Using fallback presentation compiler.
2026.06.07 21:20:05 INFO  no build target found for C:\Users\pc\dio-design-patterns\src\Main.java. Using fallback presentation compiler.
2026.06.07 21:20:05 INFO  no build target found for C:\Users\pc\dio-design-patterns\src\Main.java. Using fallback presentation compiler.
2026.06.07 21:20:05 INFO  no build target found for C:\Users\pc\dio-design-patterns\src\Main.java. Using fallback presentation compiler.
2026.06.07 21:20:06 WARN  Running javac-semanticdb failed for file:///C:/Users/pc/dio-design-patterns/src/Main.java. Output:

2026.06.07 21:20:06 WARN  no build target for: C:\Users\pc\dio-design-patterns\src\Main.java
2026.06.07 21:20:06 INFO  no build target found for C:\Users\pc\dio-design-patterns\src\Main.java. Using fallback presentation compiler.
2026.06.07 21:20:07 INFO  no build target found for C:\Users\pc\dio-design-patterns\src\Main.java. Using fallback presentation compiler.
2026.06.07 21:20:06 INFO  no build target found for C:\Users\pc\dio-design-patterns\src\Main.java. Using fallback presentation compiler.
2026.06.07 21:20:08 WARN  no build target for: C:\Users\pc\dio-design-patterns\src\Main.java
2026.06.07 21:20:08 INFO  no build target found for C:\Users\pc\dio-design-patterns\src\Main.java. Using fallback presentation compiler.
2026.06.07 21:20:10 INFO  no build target found for C:\Users\pc\dio-design-patterns\src\strategy\Usuario.java. Using fallback presentation compiler.
2026.06.07 21:20:25 INFO  no build target found for C:\Users\pc\dio-design-patterns\src\strategy\TesteStrategy.java. Using fallback presentation compiler.
2026.06.07 21:21:20 INFO  no build target found for C:\Users\pc\dio-design-patterns\src\chain\Gerente.java. Using fallback presentation compiler.
2026.06.07 21:21:20 WARN  no build target for: C:\Users\pc\dio-design-patterns\src\chain\Gerente.java
2026.06.07 21:21:20 INFO  no build target found for C:\Users\pc\dio-design-patterns\src\chain\Gerente.java. Using fallback presentation compiler.
2026.06.07 21:21:20 INFO  no build target found for C:\Users\pc\dio-design-patterns\src\chain\Gerente.java. Using fallback presentation compiler.
2026.06.07 21:21:20 INFO  no build target found for C:\Users\pc\dio-design-patterns\src\chain\Gerente.java. Using fallback presentation compiler.
2026.06.07 21:21:22 INFO  no build target found for C:\Users\pc\dio-design-patterns\src\Main.java. Using fallback presentation compiler.
2026.06.07 21:21:22 WARN  no build target for: C:\Users\pc\dio-design-patterns\src\Main.java
2026.06.07 21:21:22 INFO  no build target found for C:\Users\pc\dio-design-patterns\src\Main.java. Using fallback presentation compiler.
2026.06.07 21:21:24 INFO  no build target found for C:\Users\pc\dio-design-patterns\src\chain\Aprovador.java. Using fallback presentation compiler.
2026.06.07 21:21:24 WARN  no build target for: C:\Users\pc\dio-design-patterns\src\chain\Aprovador.java
2026.06.07 21:21:24 INFO  no build target found for C:\Users\pc\dio-design-patterns\src\chain\Aprovador.java. Using fallback presentation compiler.
2026.06.07 21:21:28 INFO  no build target found for C:\Users\pc\dio-design-patterns\src\chain\Analista.java. Using fallback presentation compiler.
2026.06.07 21:21:30 INFO  Shutting down server
2026.06.07 21:21:30 INFO  Memory monitor stopped
2026.06.07 21:21:30 INFO  shutting down Metals
2026.06.07 21:21:30 INFO  Exiting server
2026.06.07 21:22:07 INFO  Started: Metals version 1.6.7 in folders 'C:\Users\pc\dio-design-patterns' for client Visual Studio Code 1.123.0.
2026.06.07 21:22:07 INFO  Memory monitor started
2026.06.07 21:22:08 WARN  Using H2 2.4.240 which is newer than the version Flyway has been verified with. The latest verified version of H2 is 2.3.232.
2026.06.07 21:22:09 INFO  no build target found for C:\Users\pc\dio-design-patterns\src\chain\Aprovador.java. Using fallback presentation compiler.
2026.06.07 21:22:09 WARN  no build tool detected in workspace 'C:\Users\pc\dio-design-patterns'. The most common cause for this problem is that the editor was opened in the wrong working directory, for example if you use sbt then the workspace directory should contain build.sbt. 
2026.06.07 21:22:10 WARN  Build server is not auto-connectable.
2026.06.07 21:22:10 WARN  no build target for: C:\Users\pc\dio-design-patterns\src\chain\Aprovador.java
2026.06.07 21:22:10 INFO  no build target found for C:\Users\pc\dio-design-patterns\src\chain\Aprovador.java. Using fallback presentation compiler.
2026.06.07 21:22:12 INFO  time: code lens generation in 2.11s
2026.06.07 21:22:24 INFO  no build target found for C:\Users\pc\dio-design-patterns\src\chain\Aprovador.java. Using fallback presentation compiler.
2026.06.07 21:22:45 INFO  no build target found for C:\Users\pc\dio-design-patterns\src\chain\Aprovador.java. Using fallback presentation compiler.
2026.06.07 21:22:50 INFO  no build target found for C:\Users\pc\dio-design-patterns\src\chain\Aprovador.java. Using fallback presentation compiler.
2026.06.07 21:23:27 INFO  no build target found for C:\Users\pc\dio-design-patterns\src\chain\Aprovador.java. Using fallback presentation compiler.
jun. 07, 2026 9:23:27 PM org.eclipse.lsp4j.jsonrpc.RemoteEndpoint handleCancellation
ADVERTÊNCIA: Unmatched cancel notification for request id 17
2026.06.07 21:23:27 INFO  no build target found for C:\Users\pc\dio-design-patterns\src\chain\Aprovador.java. Using fallback presentation compiler.
2026.06.07 21:23:27 INFO  no build target found for C:\Users\pc\dio-design-patterns\src\chain\Aprovador.java. Using fallback presentation compiler.
2026.06.07 21:23:27 INFO  no build target found for C:\Users\pc\dio-design-patterns\src\chain\Aprovador.java. Using fallback presentation compiler.
jun. 07, 2026 9:23:28 PM org.eclipse.lsp4j.jsonrpc.RemoteEndpoint handleCancellation
ADVERTÊNCIA: Unmatched cancel notification for request id 19
2026.06.07 21:23:27 INFO  no build target found for C:\Users\pc\dio-design-patterns\src\chain\Aprovador.java. Using fallback presentation compiler.
2026.06.07 21:23:27 INFO  no build target found for C:\Users\pc\dio-design-patterns\src\chain\Aprovador.java. Using fallback presentation compiler.
2026.06.07 21:23:29 WARN  no build target for: C:\Users\pc\dio-design-patterns\src\chain\Aprovador.java
2026.06.07 21:23:29 INFO  no build target found for C:\Users\pc\dio-design-patterns\src\chain\Aprovador.java. Using fallback presentation compiler.
2026.06.07 21:23:29 INFO  no build target found for C:\Users\pc\dio-design-patterns\src\chain\Aprovador.java. Using fallback presentation compiler.
2026.06.07 21:23:40 WARN  no build target for: C:\Users\pc\dio-design-patterns\src\chain\Analista.java
2026.06.07 21:23:40 INFO  no build target found for C:\Users\pc\dio-design-patterns\src\chain\Analista.java. Using fallback presentation compiler.
2026.06.07 21:23:40 INFO  no build target found for C:\Users\pc\dio-design-patterns\src\chain\Analista.java. Using fallback presentation compiler.
jun. 07, 2026 9:23:40 PM org.eclipse.lsp4j.jsonrpc.RemoteEndpoint handleCancellation
ADVERTÊNCIA: Unmatched cancel notification for request id 28
2026.06.07 21:23:40 INFO  no build target found for C:\Users\pc\dio-design-patterns\src\chain\Analista.java. Using fallback presentation compiler.
2026.06.07 21:23:40 INFO  no build target found for C:\Users\pc\dio-design-patterns\src\chain\Analista.java. Using fallback presentation compiler.
jun. 07, 2026 9:23:40 PM org.eclipse.lsp4j.jsonrpc.RemoteEndpoint handleCancellation
ADVERTÊNCIA: Unmatched cancel notification for request id 32
jun. 07, 2026 9:23:41 PM org.eclipse.lsp4j.jsonrpc.RemoteEndpoint handleCancellation
ADVERTÊNCIA: Unmatched cancel notification for request id 33
2026.06.07 21:23:40 INFO  no build target found for C:\Users\pc\dio-design-patterns\src\chain\Analista.java. Using fallback presentation compiler.
jun. 07, 2026 9:23:41 PM org.eclipse.lsp4j.jsonrpc.RemoteEndpoint handleCancellation
ADVERTÊNCIA: Unmatched cancel notification for request id 35
2026.06.07 21:23:40 INFO  no build target found for C:\Users\pc\dio-design-patterns\src\chain\Analista.java. Using fallback presentation compiler.
2026.06.07 21:23:41 INFO  no build target found for C:\Users\pc\dio-design-patterns\src\chain\Analista.java. Using fallback presentation compiler.
2026.06.07 21:23:42 INFO  no build target found for C:\Users\pc\dio-design-patterns\src\chain\Analista.java. Using fallback presentation compiler.
2026.06.07 21:23:42 INFO  no build target found for C:\Users\pc\dio-design-patterns\src\chain\Analista.java. Using fallback presentation compiler.
2026.06.07 21:23:42 INFO  no build target found for C:\Users\pc\dio-design-patterns\src\chain\Analista.java. Using fallback presentation compiler.
2026.06.07 21:23:42 INFO  no build target found for C:\Users\pc\dio-design-patterns\src\chain\Analista.java. Using fallback presentation compiler.
2026.06.07 21:23:43 INFO  no build target found for C:\Users\pc\dio-design-patterns\src\chain\Analista.java. Using fallback presentation compiler.
2026.06.07 21:23:42 INFO  no build target found for C:\Users\pc\dio-design-patterns\src\chain\Analista.java. Using fallback presentation compiler.
jun. 07, 2026 9:23:43 PM org.eclipse.lsp4j.jsonrpc.RemoteEndpoint handleCancellation
ADVERTÊNCIA: Unmatched cancel notification for request id 48
2026.06.07 21:23:44 WARN  no build target for: C:\Users\pc\dio-design-patterns\src\chain\Analista.java
2026.06.07 21:23:44 INFO  no build target found for C:\Users\pc\dio-design-patterns\src\chain\Analista.java. Using fallback presentation compiler.
2026.06.07 21:23:44 INFO  no build target found for C:\Users\pc\dio-design-patterns\src\chain\Analista.java. Using fallback presentation compiler.
2026.06.07 21:23:59 WARN  no build target for: C:\Users\pc\dio-design-patterns\src\chain\Coordenador.java
2026.06.07 21:23:59 INFO  no build target found for C:\Users\pc\dio-design-patterns\src\chain\Coordenador.java. Using fallback presentation compiler.
2026.06.07 21:23:59 INFO  no build target found for C:\Users\pc\dio-design-patterns\src\chain\Coordenador.java. Using fallback presentation compiler.
jun. 07, 2026 9:23:59 PM org.eclipse.lsp4j.jsonrpc.RemoteEndpoint handleCancellation
ADVERTÊNCIA: Unmatched cancel notification for request id 54
2026.06.07 21:23:59 INFO  no build target found for C:\Users\pc\dio-design-patterns\src\chain\Coordenador.java. Using fallback presentation compiler.
2026.06.07 21:24:01 INFO  no build target found for C:\Users\pc\dio-design-patterns\src\chain\Coordenador.java. Using fallback presentation compiler.
2026.06.07 21:24:01 INFO  no build target found for C:\Users\pc\dio-design-patterns\src\chain\Coordenador.java. Using fallback presentation compiler.
2026.06.07 21:24:01 INFO  no build target found for C:\Users\pc\dio-design-patterns\src\chain\Coordenador.java. Using fallback presentation compiler.
2026.06.07 21:24:01 INFO  no build target found for C:\Users\pc\dio-design-patterns\src\chain\Coordenador.java. Using fallback presentation compiler.
2026.06.07 21:24:01 INFO  no build target found for C:\Users\pc\dio-design-patterns\src\chain\Coordenador.java. Using fallback presentation compiler.
2026.06.07 21:24:01 INFO  no build target found for C:\Users\pc\dio-design-patterns\src\chain\Coordenador.java. Using fallback presentation compiler.
2026.06.07 21:24:01 INFO  no build target found for C:\Users\pc\dio-design-patterns\src\chain\Coordenador.java. Using fallback presentation compiler.
2026.06.07 21:24:02 WARN  no build target for: C:\Users\pc\dio-design-patterns\src\chain\Coordenador.java
2026.06.07 21:24:02 INFO  no build target found for C:\Users\pc\dio-design-patterns\src\chain\Coordenador.java. Using fallback presentation compiler.
2026.06.07 21:24:02 INFO  no build target found for C:\Users\pc\dio-design-patterns\src\chain\Coordenador.java. Using fallback presentation compiler.
2026.06.07 21:24:02 INFO  no build target found for C:\Users\pc\dio-design-patterns\src\chain\Coordenador.java. Using fallback presentation compiler.
2026.06.07 21:24:12 WARN  no build target for: C:\Users\pc\dio-design-patterns\src\chain\Gerente.java
2026.06.07 21:24:12 INFO  no build target found for C:\Users\pc\dio-design-patterns\src\chain\Gerente.java. Using fallback presentation compiler.
2026.06.07 21:24:12 INFO  no build target found for C:\Users\pc\dio-design-patterns\src\chain\Gerente.java. Using fallback presentation compiler.
jun. 07, 2026 9:24:12 PM org.eclipse.lsp4j.jsonrpc.RemoteEndpoint handleCancellation
ADVERTÊNCIA: Unmatched cancel notification for request id 77
2026.06.07 21:24:12 INFO  no build target found for C:\Users\pc\dio-design-patterns\src\chain\Gerente.java. Using fallback presentation compiler.
2026.06.07 21:24:12 INFO  no build target found for C:\Users\pc\dio-design-patterns\src\chain\Gerente.java. Using fallback presentation compiler.
2026.06.07 21:24:12 INFO  no build target found for C:\Users\pc\dio-design-patterns\src\chain\Gerente.java. Using fallback presentation compiler.
2026.06.07 21:24:12 INFO  no build target found for C:\Users\pc\dio-design-patterns\src\chain\Gerente.java. Using fallback presentation compiler.
2026.06.07 21:24:14 INFO  no build target found for C:\Users\pc\dio-design-patterns\src\chain\Gerente.java. Using fallback presentation compiler.
2026.06.07 21:24:14 INFO  no build target found for C:\Users\pc\dio-design-patterns\src\chain\Gerente.java. Using fallback presentation compiler.
2026.06.07 21:24:14 INFO  no build target found for C:\Users\pc\dio-design-patterns\src\chain\Gerente.java. Using fallback presentation compiler.
2026.06.07 21:24:14 INFO  no build target found for C:\Users\pc\dio-design-patterns\src\chain\Gerente.java. Using fallback presentation compiler.
2026.06.07 21:24:15 INFO  no build target found for C:\Users\pc\dio-design-patterns\src\chain\Gerente.java. Using fallback presentation compiler.
2026.06.07 21:24:14 INFO  no build target found for C:\Users\pc\dio-design-patterns\src\chain\Gerente.java. Using fallback presentation compiler.
2026.06.07 21:24:15 WARN  no build target for: C:\Users\pc\dio-design-patterns\src\chain\Gerente.java
2026.06.07 21:24:15 INFO  no build target found for C:\Users\pc\dio-design-patterns\src\chain\Gerente.java. Using fallback presentation compiler.
2026.06.07 21:24:16 INFO  no build target found for C:\Users\pc\dio-design-patterns\src\chain\Gerente.java. Using fallback presentation compiler.
2026.06.07 21:25:35 WARN  no build target for: C:\Users\pc\dio-design-patterns\src\chain\TesteChain.java
2026.06.07 21:25:35 INFO  no build target found for C:\Users\pc\dio-design-patterns\src\chain\TesteChain.java. Using fallback presentation compiler.
jun. 07, 2026 9:25:35 PM org.eclipse.lsp4j.jsonrpc.RemoteEndpoint handleCancellation
ADVERTÊNCIA: Unmatched cancel notification for request id 103
2026.06.07 21:25:35 INFO  no build target found for C:\Users\pc\dio-design-patterns\src\chain\TesteChain.java. Using fallback presentation compiler.
2026.06.07 21:25:36 INFO  no build target found for C:\Users\pc\dio-design-patterns\src\chain\TesteChain.java. Using fallback presentation compiler.
2026.06.07 21:25:42 INFO  no build target found for C:\Users\pc\dio-design-patterns\src\chain\TesteChain.java. Using fallback presentation compiler.
2026.06.07 21:25:42 WARN  no build target for: C:\Users\pc\dio-design-patterns\src\strategy\Comportamento.java
2026.06.07 21:25:42 INFO  no build target found for C:\Users\pc\dio-design-patterns\src\strategy\Comportamento.java. Using fallback presentation compiler.
2026.06.07 21:25:43 INFO  no build target found for C:\Users\pc\dio-design-patterns\src\strategy\Comportamento.java. Using fallback presentation compiler.
jun. 07, 2026 9:25:43 PM org.eclipse.lsp4j.jsonrpc.RemoteEndpoint handleCancellation
ADVERTÊNCIA: Unmatched cancel notification for request id 111
2026.06.07 21:25:42 INFO  no build target found for C:\Users\pc\dio-design-patterns\src\strategy\Comportamento.java. Using fallback presentation compiler.
2026.06.07 21:25:42 INFO  no build target found for C:\Users\pc\dio-design-patterns\src\strategy\Comportamento.java. Using fallback presentation compiler.
2026.06.07 21:25:42 INFO  no build target found for C:\Users\pc\dio-design-patterns\src\strategy\Comportamento.java. Using fallback presentation compiler.
2026.06.07 21:25:43 INFO  no build target found for C:\Users\pc\dio-design-patterns\src\strategy\Comportamento.java. Using fallback presentation compiler.
2026.06.07 21:25:50 INFO  no build target found for C:\Users\pc\dio-design-patterns\src\strategy\Comportamento.java. Using fallback presentation compiler.
2026.06.07 21:25:50 INFO  no build target found for C:\Users\pc\dio-design-patterns\src\strategy\Comportamento.java. Using fallback presentation compiler.
2026.06.07 21:25:50 INFO  no build target found for C:\Users\pc\dio-design-patterns\src\strategy\Comportamento.java. Using fallback presentation compiler.
2026.06.07 21:25:50 INFO  no build target found for C:\Users\pc\dio-design-patterns\src\strategy\Comportamento.java. Using fallback presentation compiler.
2026.06.07 21:25:50 INFO  no build target found for C:\Users\pc\dio-design-patterns\src\strategy\Comportamento.java. Using fallback presentation compiler.
2026.06.07 21:25:50 INFO  no build target found for C:\Users\pc\dio-design-patterns\src\strategy\Comportamento.java. Using fallback presentation compiler.
2026.06.07 21:25:51 WARN  no build target for: C:\Users\pc\dio-design-patterns\src\strategy\Comportamento.java
2026.06.07 21:25:51 INFO  no build target found for C:\Users\pc\dio-design-patterns\src\strategy\Comportamento.java. Using fallback presentation compiler.
2026.06.07 21:25:51 INFO  no build target found for C:\Users\pc\dio-design-patterns\src\strategy\Comportamento.java. Using fallback presentation compiler.
2026.06.07 21:26:15 WARN  no build target for: C:\Users\pc\dio-design-patterns\src\strategy\Carro.java
2026.06.07 21:26:15 INFO  no build target found for C:\Users\pc\dio-design-patterns\src\strategy\Carro.java. Using fallback presentation compiler.
2026.06.07 21:26:15 INFO  no build target found for C:\Users\pc\dio-design-patterns\src\strategy\Carro.java. Using fallback presentation compiler.
jun. 07, 2026 9:26:15 PM org.eclipse.lsp4j.jsonrpc.RemoteEndpoint handleCancellation
ADVERTÊNCIA: Unmatched cancel notification for request id 136
2026.06.07 21:26:15 INFO  no build target found for C:\Users\pc\dio-design-patterns\src\strategy\Carro.java. Using fallback presentation compiler.
2026.06.07 21:26:16 INFO  no build target found for C:\Users\pc\dio-design-patterns\src\strategy\Carro.java. Using fallback presentation compiler.
2026.06.07 21:26:16 INFO  no build target found for C:\Users\pc\dio-design-patterns\src\strategy\Carro.java. Using fallback presentation compiler.
2026.06.07 21:26:16 INFO  no build target found for C:\Users\pc\dio-design-patterns\src\strategy\Carro.java. Using fallback presentation compiler.
2026.06.07 21:26:16 INFO  no build target found for C:\Users\pc\dio-design-patterns\src\strategy\Carro.java. Using fallback presentation compiler.
2026.06.07 21:26:17 INFO  no build target found for C:\Users\pc\dio-design-patterns\src\strategy\Carro.java. Using fallback presentation compiler.
2026.06.07 21:26:16 INFO  no build target found for C:\Users\pc\dio-design-patterns\src\strategy\Carro.java. Using fallback presentation compiler.
2026.06.07 21:26:18 WARN  no build target for: C:\Users\pc\dio-design-patterns\src\strategy\Carro.java
2026.06.07 21:26:18 INFO  no build target found for C:\Users\pc\dio-design-patterns\src\strategy\Carro.java. Using fallback presentation compiler.
2026.06.07 21:26:18 INFO  no build target found for C:\Users\pc\dio-design-patterns\src\strategy\Carro.java. Using fallback presentation compiler.
2026.06.07 21:26:30 WARN  no build target for: C:\Users\pc\dio-design-patterns\src\strategy\Bicicleta.java
2026.06.07 21:26:30 INFO  no build target found for C:\Users\pc\dio-design-patterns\src\strategy\Bicicleta.java. Using fallback presentation compiler.
2026.06.07 21:26:30 INFO  no build target found for C:\Users\pc\dio-design-patterns\src\strategy\Bicicleta.java. Using fallback presentation compiler.
jun. 07, 2026 9:26:30 PM org.eclipse.lsp4j.jsonrpc.RemoteEndpoint handleCancellation
ADVERTÊNCIA: Unmatched cancel notification for request id 159
2026.06.07 21:26:30 INFO  no build target found for C:\Users\pc\dio-design-patterns\src\strategy\Bicicleta.java. Using fallback presentation compiler.
2026.06.07 21:26:32 INFO  no build target found for C:\Users\pc\dio-design-patterns\src\strategy\Bicicleta.java. Using fallback presentation compiler.
2026.06.07 21:26:32 INFO  no build target found for C:\Users\pc\dio-design-patterns\src\strategy\Bicicleta.java. Using fallback presentation compiler.
2026.06.07 21:26:32 INFO  no build target found for C:\Users\pc\dio-design-patterns\src\strategy\Bicicleta.java. Using fallback presentation compiler.
2026.06.07 21:26:32 INFO  no build target found for C:\Users\pc\dio-design-patterns\src\strategy\Bicicleta.java. Using fallback presentation compiler.
2026.06.07 21:26:32 INFO  no build target found for C:\Users\pc\dio-design-patterns\src\strategy\Bicicleta.java. Using fallback presentation compiler.
2026.06.07 21:26:32 INFO  no build target found for C:\Users\pc\dio-design-patterns\src\strategy\Bicicleta.java. Using fallback presentation compiler.
2026.06.07 21:26:33 INFO  no build target found for C:\Users\pc\dio-design-patterns\src\strategy\Bicicleta.java. Using fallback presentation compiler.
2026.06.07 21:26:33 WARN  no build target for: C:\Users\pc\dio-design-patterns\src\strategy\Bicicleta.java
2026.06.07 21:26:33 INFO  no build target found for C:\Users\pc\dio-design-patterns\src\strategy\Bicicleta.java. Using fallback presentation compiler.
2026.06.07 21:26:33 INFO  Created report: Optional[file:///C:/Users/pc/dio-design-patterns/src/strategy/Bicicleta.java]
2026.06.07 21:26:33 INFO  QDox parse error in file:///C:/Users/pc/dio-design-patterns/src/strategy/Bicicleta.java (full report at: "C:\Users\pc\dio-design-patterns\.metals\.reports\metals-full\2026-06-07\r_qdox-error_21-26-33-783.md")
2026.06.07 21:26:33 INFO  no build target found for C:\Users\pc\dio-design-patterns\src\strategy\Bicicleta.java. Using fallback presentation compiler.
2026.06.07 21:26:34 INFO  no build target found for C:\Users\pc\dio-design-patterns\src\strategy\Bicicleta.java. Using fallback presentation compiler.
2026.06.07 21:26:45 INFO  no build target found for C:\Users\pc\dio-design-patterns\src\strategy\Bicicleta.java. Using fallback presentation compiler.
2026.06.07 21:26:45 INFO  no build target found for C:\Users\pc\dio-design-patterns\src\strategy\Bicicleta.java. Using fallback presentation compiler.
2026.06.07 21:26:45 INFO  no build target found for C:\Users\pc\dio-design-patterns\src\strategy\Bicicleta.java. Using fallback presentation compiler.
2026.06.07 21:26:45 INFO  no build target found for C:\Users\pc\dio-design-patterns\src\strategy\Bicicleta.java. Using fallback presentation compiler.
2026.06.07 21:26:45 INFO  no build target found for C:\Users\pc\dio-design-patterns\src\strategy\Bicicleta.java. Using fallback presentation compiler.
2026.06.07 21:26:46 INFO  no build target found for C:\Users\pc\dio-design-patterns\src\strategy\Bicicleta.java. Using fallback presentation compiler.
2026.06.07 21:26:46 WARN  Running javac-semanticdb failed for file:///C:/Users/pc/dio-design-patterns/src/strategy/Bicicleta.java. Output:

2026.06.07 21:26:46 INFO  no build target found for C:\Users\pc\dio-design-patterns\src\strategy\Bicicleta.java. Using fallback presentation compiler.
2026.06.07 21:26:47 WARN  no build target for: C:\Users\pc\dio-design-patterns\src\strategy\Bicicleta.java
2026.06.07 21:26:47 INFO  no build target found for C:\Users\pc\dio-design-patterns\src\strategy\Bicicleta.java. Using fallback presentation compiler.
2026.06.07 21:26:46 INFO  no build target found for C:\Users\pc\dio-design-patterns\src\strategy\Bicicleta.java. Using fallback presentation compiler.
2026.06.07 21:26:59 WARN  no build target for: C:\Users\pc\dio-design-patterns\src\strategy\Usuario.java
2026.06.07 21:26:59 INFO  no build target found for C:\Users\pc\dio-design-patterns\src\strategy\Usuario.java. Using fallback presentation compiler.
2026.06.07 21:26:59 INFO  no build target found for C:\Users\pc\dio-design-patterns\src\strategy\Usuario.java. Using fallback presentation compiler.
jun. 07, 2026 9:26:59 PM org.eclipse.lsp4j.jsonrpc.RemoteEndpoint handleCancellation
ADVERTÊNCIA: Unmatched cancel notification for request id 200
2026.06.07 21:26:59 INFO  no build target found for C:\Users\pc\dio-design-patterns\src\strategy\Usuario.java. Using fallback presentation compiler.
2026.06.07 21:26:59 INFO  no build target found for C:\Users\pc\dio-design-patterns\src\strategy\Usuario.java. Using fallback presentation compiler.
2026.06.07 21:26:59 INFO  no build target found for C:\Users\pc\dio-design-patterns\src\strategy\Usuario.java. Using fallback presentation compiler.
2026.06.07 21:27:00 INFO  no build target found for C:\Users\pc\dio-design-patterns\src\strategy\Usuario.java. Using fallback presentation compiler.
2026.06.07 21:27:01 INFO  no build target found for C:\Users\pc\dio-design-patterns\src\strategy\Usuario.java. Using fallback presentation compiler.
2026.06.07 21:27:01 INFO  no build target found for C:\Users\pc\dio-design-patterns\src\strategy\Usuario.java. Using fallback presentation compiler.
2026.06.07 21:27:01 INFO  no build target found for C:\Users\pc\dio-design-patterns\src\strategy\Usuario.java. Using fallback presentation compiler.
2026.06.07 21:27:01 INFO  no build target found for C:\Users\pc\dio-design-patterns\src\strategy\Usuario.java. Using fallback presentation compiler.
2026.06.07 21:27:02 INFO  no build target found for C:\Users\pc\dio-design-patterns\src\strategy\Usuario.java. Using fallback presentation compiler.
2026.06.07 21:27:01 INFO  no build target found for C:\Users\pc\dio-design-patterns\src\strategy\Usuario.java. Using fallback presentation compiler.
2026.06.07 21:27:03 WARN  no build target for: C:\Users\pc\dio-design-patterns\src\strategy\Usuario.java
2026.06.07 21:27:03 INFO  no build target found for C:\Users\pc\dio-design-patterns\src\strategy\Usuario.java. Using fallback presentation compiler.
2026.06.07 21:27:03 INFO  no build target found for C:\Users\pc\dio-design-patterns\src\strategy\Usuario.java. Using fallback presentation compiler.
2026.06.07 21:27:19 WARN  no build target for: C:\Users\pc\dio-design-patterns\src\strategy\TesteStrategy.java
2026.06.07 21:27:19 INFO  no build target found for C:\Users\pc\dio-design-patterns\src\strategy\TesteStrategy.java. Using fallback presentation compiler.
jun. 07, 2026 9:27:19 PM org.eclipse.lsp4j.jsonrpc.RemoteEndpoint handleCancellation
ADVERTÊNCIA: Unmatched cancel notification for request id 226
2026.06.07 21:27:20 INFO  no build target found for C:\Users\pc\dio-design-patterns\src\strategy\TesteStrategy.java. Using fallback presentation compiler.
2026.06.07 21:27:20 INFO  no build target found for C:\Users\pc\dio-design-patterns\src\strategy\TesteStrategy.java. Using fallback presentation compiler.
2026.06.07 21:27:22 INFO  no build target found for C:\Users\pc\dio-design-patterns\src\strategy\TesteStrategy.java. Using fallback presentation compiler.
2026.06.07 21:27:22 INFO  no build target found for C:\Users\pc\dio-design-patterns\src\strategy\TesteStrategy.java. Using fallback presentation compiler.
2026.06.07 21:27:22 INFO  no build target found for C:\Users\pc\dio-design-patterns\src\strategy\TesteStrategy.java. Using fallback presentation compiler.
2026.06.07 21:27:22 INFO  no build target found for C:\Users\pc\dio-design-patterns\src\strategy\TesteStrategy.java. Using fallback presentation compiler.
2026.06.07 21:27:23 INFO  no build target found for C:\Users\pc\dio-design-patterns\src\strategy\TesteStrategy.java. Using fallback presentation compiler.
2026.06.07 21:27:22 INFO  no build target found for C:\Users\pc\dio-design-patterns\src\strategy\TesteStrategy.java. Using fallback presentation compiler.
2026.06.07 21:27:24 WARN  no build target for: C:\Users\pc\dio-design-patterns\src\strategy\TesteStrategy.java
2026.06.07 21:27:24 INFO  no build target found for C:\Users\pc\dio-design-patterns\src\strategy\TesteStrategy.java. Using fallback presentation compiler.
2026.06.07 21:27:24 INFO  no build target found for C:\Users\pc\dio-design-patterns\src\strategy\TesteStrategy.java. Using fallback presentation compiler.
2026.06.07 21:27:46 WARN  no build target for: C:\Users\pc\dio-design-patterns\src\singleton\ConexaoBanco.java
2026.06.07 21:27:46 WARN  Running javac-semanticdb failed for file:///C:/Users/pc/dio-design-patterns/src/singleton/ConexaoBanco.java. Output:

2026.06.07 21:27:46 INFO  no build target found for C:\Users\pc\dio-design-patterns\src\singleton\ConexaoBanco.java. Using fallback presentation compiler.
2026.06.07 21:27:46 INFO  no build target found for C:\Users\pc\dio-design-patterns\src\singleton\ConexaoBanco.java. Using fallback presentation compiler.
2026.06.07 21:27:49 INFO  no build target found for C:\Users\pc\dio-design-patterns\src\singleton\ConexaoBanco.java. Using fallback presentation compiler.
2026.06.07 21:27:49 WARN  Running javac-semanticdb failed for file:///C:/Users/pc/dio-design-patterns/src/singleton/ConexaoBanco.java. Output:

2026.06.07 21:27:49 INFO  no build target found for C:\Users\pc\dio-design-patterns\src\singleton\ConexaoBanco.java. Using fallback presentation compiler.
2026.06.07 21:27:49 INFO  no build target found for C:\Users\pc\dio-design-patterns\src\singleton\ConexaoBanco.java. Using fallback presentation compiler.
2026.06.07 21:27:50 WARN  no build target for: C:\Users\pc\dio-design-patterns\src\singleton\ConexaoBanco.java
2026.06.07 21:27:50 INFO  no build target found for C:\Users\pc\dio-design-patterns\src\singleton\ConexaoBanco.java. Using fallback presentation compiler.
2026.06.07 21:27:50 INFO  no build target found for C:\Users\pc\dio-design-patterns\src\singleton\ConexaoBanco.java. Using fallback presentation compiler.
2026.06.07 21:29:39 WARN  no build target for: C:\Users\pc\dio-design-patterns\src\singleton\TesteSingleton.java
2026.06.07 21:29:39 INFO  no build target found for C:\Users\pc\dio-design-patterns\src\singleton\TesteSingleton.java. Using fallback presentation compiler.
2026.06.07 21:29:40 INFO  no build target found for C:\Users\pc\dio-design-patterns\src\singleton\TesteSingleton.java. Using fallback presentation compiler.
jun. 07, 2026 9:29:40 PM org.eclipse.lsp4j.jsonrpc.RemoteEndpoint handleCancellation
ADVERTÊNCIA: Unmatched cancel notification for request id 272
2026.06.07 21:29:39 INFO  no build target found for C:\Users\pc\dio-design-patterns\src\singleton\TesteSingleton.java. Using fallback presentation compiler.
2026.06.07 21:29:39 INFO  no build target found for C:\Users\pc\dio-design-patterns\src\singleton\TesteSingleton.java. Using fallback presentation compiler.
2026.06.07 21:29:39 INFO  no build target found for C:\Users\pc\dio-design-patterns\src\singleton\TesteSingleton.java. Using fallback presentation compiler.
2026.06.07 21:29:40 INFO  no build target found for C:\Users\pc\dio-design-patterns\src\singleton\TesteSingleton.java. Using fallback presentation compiler.
2026.06.07 21:29:42 INFO  no build target found for C:\Users\pc\dio-design-patterns\src\singleton\TesteSingleton.java. Using fallback presentation compiler.
2026.06.07 21:29:42 INFO  no build target found for C:\Users\pc\dio-design-patterns\src\singleton\TesteSingleton.java. Using fallback presentation compiler.
2026.06.07 21:29:42 INFO  no build target found for C:\Users\pc\dio-design-patterns\src\singleton\TesteSingleton.java. Using fallback presentation compiler.
2026.06.07 21:29:42 INFO  no build target found for C:\Users\pc\dio-design-patterns\src\singleton\TesteSingleton.java. Using fallback presentation compiler.
2026.06.07 21:29:42 INFO  no build target found for C:\Users\pc\dio-design-patterns\src\singleton\TesteSingleton.java. Using fallback presentation compiler.
2026.06.07 21:29:42 INFO  no build target found for C:\Users\pc\dio-design-patterns\src\singleton\TesteSingleton.java. Using fallback presentation compiler.
2026.06.07 21:29:43 WARN  no build target for: C:\Users\pc\dio-design-patterns\src\singleton\TesteSingleton.java
2026.06.07 21:29:43 INFO  no build target found for C:\Users\pc\dio-design-patterns\src\singleton\TesteSingleton.java. Using fallback presentation compiler.
2026.06.07 21:29:43 INFO  no build target found for C:\Users\pc\dio-design-patterns\src\singleton\TesteSingleton.java. Using fallback presentation compiler.
2026.06.07 21:30:53 WARN  no build target for: C:\Users\pc\dio-design-patterns\src\Main.java
2026.06.07 21:30:53 INFO  no build target found for C:\Users\pc\dio-design-patterns\src\Main.java. Using fallback presentation compiler.
2026.06.07 21:30:53 INFO  no build target found for C:\Users\pc\dio-design-patterns\src\Main.java. Using fallback presentation compiler.
jun. 07, 2026 9:30:53 PM org.eclipse.lsp4j.jsonrpc.RemoteEndpoint handleCancellation
ADVERTÊNCIA: Unmatched cancel notification for request id 301
2026.06.07 21:30:53 INFO  no build target found for C:\Users\pc\dio-design-patterns\src\Main.java. Using fallback presentation compiler.
2026.06.07 21:30:54 INFO  no build target found for C:\Users\pc\dio-design-patterns\src\Main.java. Using fallback presentation compiler.
2026.06.07 21:30:54 INFO  no build target found for C:\Users\pc\dio-design-patterns\src\Main.java. Using fallback presentation compiler.
2026.06.07 21:30:54 INFO  no build target found for C:\Users\pc\dio-design-patterns\src\Main.java. Using fallback presentation compiler.
2026.06.07 21:30:54 INFO  no build target found for C:\Users\pc\dio-design-patterns\src\Main.java. Using fallback presentation compiler.
2026.06.07 21:30:54 INFO  no build target found for C:\Users\pc\dio-design-patterns\src\Main.java. Using fallback presentation compiler.
2026.06.07 21:30:55 INFO  no build target found for C:\Users\pc\dio-design-patterns\src\Main.java. Using fallback presentation compiler.
2026.06.07 21:30:56 INFO  no build target found for C:\Users\pc\dio-design-patterns\src\Main.java. Using fallback presentation compiler.
2026.06.07 21:30:56 WARN  no build target for: C:\Users\pc\dio-design-patterns\src\Main.java
2026.06.07 21:30:56 INFO  no build target found for C:\Users\pc\dio-design-patterns\src\Main.java. Using fallback presentation compiler.
2026.06.07 21:30:56 INFO  no build target found for C:\Users\pc\dio-design-patterns\src\Main.java. Using fallback presentation compiler.
2026.06.07 21:30:57 INFO  no build target found for C:\Users\pc\dio-design-patterns\src\Main.java. Using fallback presentation compiler.
2026.06.07 21:31:00 INFO  no build target found for C:\Users\pc\dio-design-patterns\src\Main.java. Using fallback presentation compiler.
2026.06.07 21:31:00 INFO  no build target found for C:\Users\pc\dio-design-patterns\src\Main.java. Using fallback presentation compiler.
2026.06.07 21:31:51 INFO  no build target found for C:\Users\pc\dio-design-patterns\src\chain\TesteChain.java. Using fallback presentation compiler.
2026.06.07 21:31:51 WARN  no build target for: C:\Users\pc\dio-design-patterns\src\chain\TesteChain.java
2026.06.07 21:31:51 INFO  no build target found for C:\Users\pc\dio-design-patterns\src\chain\TesteChain.java. Using fallback presentation compiler.
2026.06.07 21:31:51 INFO  no build target found for C:\Users\pc\dio-design-patterns\src\chain\TesteChain.java. Using fallback presentation compiler.
2026.06.07 21:31:53 INFO  no build target found for C:\Users\pc\dio-design-patterns\src\chain\TesteChain.java. Using fallback presentation compiler.
2026.06.07 21:31:53 INFO  no build target found for C:\Users\pc\dio-design-patterns\src\chain\TesteChain.java. Using fallback presentation compiler.
2026.06.07 21:31:53 INFO  no build target found for C:\Users\pc\dio-design-patterns\src\chain\TesteChain.java. Using fallback presentation compiler.
2026.06.07 21:31:53 INFO  no build target found for C:\Users\pc\dio-design-patterns\src\chain\TesteChain.java. Using fallback presentation compiler.
2026.06.07 21:31:54 INFO  no build target found for C:\Users\pc\dio-design-patterns\src\chain\TesteChain.java. Using fallback presentation compiler.
2026.06.07 21:31:53 INFO  no build target found for C:\Users\pc\dio-design-patterns\src\chain\TesteChain.java. Using fallback presentation compiler.
2026.06.07 21:31:55 WARN  no build target for: C:\Users\pc\dio-design-patterns\src\chain\TesteChain.java
2026.06.07 21:31:55 INFO  no build target found for C:\Users\pc\dio-design-patterns\src\chain\TesteChain.java. Using fallback presentation compiler.
2026.06.07 21:31:55 INFO  no build target found for C:\Users\pc\dio-design-patterns\src\chain\TesteChain.java. Using fallback presentation compiler.
2026.06.07 21:31:58 INFO  no build target found for C:\Users\pc\dio-design-patterns\src\singleton\ConexaoBanco.java. Using fallback presentation compiler.
2026.06.07 21:31:58 WARN  no build target for: C:\Users\pc\dio-design-patterns\src\singleton\ConexaoBanco.java
2026.06.07 21:31:58 INFO  no build target found for C:\Users\pc\dio-design-patterns\src\singleton\ConexaoBanco.java. Using fallback presentation compiler.
2026.06.07 21:31:58 INFO  no build target found for C:\Users\pc\dio-design-patterns\src\singleton\ConexaoBanco.java. Using fallback presentation compiler.
2026.06.07 21:31:58 INFO  no build target found for C:\Users\pc\dio-design-patterns\src\singleton\ConexaoBanco.java. Using fallback presentation compiler.
2026.06.07 21:31:59 INFO  no build target found for C:\Users\pc\dio-design-patterns\src\singleton\ConexaoBanco.java. Using fallback presentation compiler.
2026.06.07 21:31:59 INFO  no build target found for C:\Users\pc\dio-design-patterns\src\chain\TesteChain.java. Using fallback presentation compiler.
2026.06.07 21:31:59 WARN  no build target for: C:\Users\pc\dio-design-patterns\src\chain\TesteChain.java
2026.06.07 21:31:59 INFO  no build target found for C:\Users\pc\dio-design-patterns\src\chain\TesteChain.java. Using fallback presentation compiler.
2026.06.07 21:31:59 INFO  no build target found for C:\Users\pc\dio-design-patterns\src\chain\TesteChain.java. Using fallback presentation compiler.
2026.06.07 21:31:59 INFO  no build target found for C:\Users\pc\dio-design-patterns\src\chain\TesteChain.java. Using fallback presentation compiler.
2026.06.07 21:32:00 INFO  no build target found for C:\Users\pc\dio-design-patterns\src\strategy\TesteStrategy.java. Using fallback presentation compiler.
2026.06.07 21:32:00 INFO  no build target found for C:\Users\pc\dio-design-patterns\src\chain\TesteChain.java. Using fallback presentation compiler.
2026.06.07 21:32:00 INFO  no build target found for C:\Users\pc\dio-design-patterns\src\strategy\Usuario.java. Using fallback presentation compiler.
2026.06.07 21:32:00 INFO  no build target found for C:\Users\pc\dio-design-patterns\src\chain\TesteChain.java. Using fallback presentation compiler.
2026.06.07 21:32:01 INFO  no build target found for C:\Users\pc\dio-design-patterns\src\strategy\Bicicleta.java. Using fallback presentation compiler.
2026.06.07 21:32:01 INFO  no build target found for C:\Users\pc\dio-design-patterns\src\chain\TesteChain.java. Using fallback presentation compiler.
2026.06.07 21:32:01 INFO  no build target found for C:\Users\pc\dio-design-patterns\src\strategy\Carro.java. Using fallback presentation compiler.
2026.06.07 21:32:01 INFO  no build target found for C:\Users\pc\dio-design-patterns\src\chain\TesteChain.java. Using fallback presentation compiler.
2026.06.07 21:32:01 INFO  no build target found for C:\Users\pc\dio-design-patterns\src\strategy\Comportamento.java. Using fallback presentation compiler.
2026.06.07 21:32:02 INFO  no build target found for C:\Users\pc\dio-design-patterns\src\chain\TesteChain.java. Using fallback presentation compiler.
2026.06.07 21:32:02 INFO  no build target found for C:\Users\pc\dio-design-patterns\src\chain\Gerente.java. Using fallback presentation compiler.
2026.06.07 21:32:02 INFO  no build target found for C:\Users\pc\dio-design-patterns\src\chain\TesteChain.java. Using fallback presentation compiler.
2026.06.07 21:32:02 INFO  no build target found for C:\Users\pc\dio-design-patterns\src\chain\Coordenador.java. Using fallback presentation compiler.
2026.06.07 21:32:02 INFO  no build target found for C:\Users\pc\dio-design-patterns\src\chain\TesteChain.java. Using fallback presentation compiler.
2026.06.07 21:32:03 INFO  no build target found for C:\Users\pc\dio-design-patterns\src\chain\Analista.java. Using fallback presentation compiler.
2026.06.07 21:32:03 INFO  no build target found for C:\Users\pc\dio-design-patterns\src\chain\TesteChain.java. Using fallback presentation compiler.
2026.06.07 21:32:03 INFO  no build target found for C:\Users\pc\dio-design-patterns\src\chain\Aprovador.java. Using fallback presentation compiler.
2026.06.07 21:32:03 INFO  no build target found for C:\Users\pc\dio-design-patterns\src\chain\TesteChain.java. Using fallback presentation compiler.
2026.06.07 21:32:05 INFO  no build target found for C:\Users\pc\dio-design-patterns\src\singleton\TesteSingleton.java. Using fallback presentation compiler.
2026.06.07 21:32:05 INFO  no build target found for C:\Users\pc\dio-design-patterns\src\chain\TesteChain.java. Using fallback presentation compiler.
2026.06.07 21:32:06 INFO  no build target found for C:\Users\pc\dio-design-patterns\src\Main.java. Using fallback presentation compiler.
2026.06.07 21:32:06 INFO  no build target found for C:\Users\pc\dio-design-patterns\src\chain\TesteChain.java. Using fallback presentation compiler.
2026.06.07 21:32:08 INFO  no build target found for C:\Users\pc\dio-design-patterns\src\chain\TesteChain.java. Using fallback presentation compiler.
2026.06.07 21:32:46 WARN  no build target for: C:\Users\pc\dio-design-patterns\src\Main.java
2026.06.07 21:32:46 INFO  no build target found for C:\Users\pc\dio-design-patterns\src\Main.java. Using fallback presentation compiler.
2026.06.07 21:32:46 INFO  no build target found for C:\Users\pc\dio-design-patterns\src\Main.java. Using fallback presentation compiler.
2026.06.07 21:32:46 INFO  no build target found for C:\Users\pc\dio-design-patterns\src\Main.java. Using fallback presentation compiler.
2026.06.07 21:32:46 INFO  no build target found for C:\Users\pc\dio-design-patterns\src\Main.java. Using fallback presentation compiler.
2026.06.07 21:32:46 INFO  no build target found for C:\Users\pc\dio-design-patterns\src\Main.java. Using fallback presentation compiler.
2026.06.07 21:32:48 INFO  no build target found for C:\Users\pc\dio-design-patterns\src\Main.java. Using fallback presentation compiler.
2026.06.07 21:32:48 INFO  no build target found for C:\Users\pc\dio-design-patterns\src\Main.java. Using fallback presentation compiler.
jun. 07, 2026 9:32:51 PM org.eclipse.lsp4j.jsonrpc.services.GenericEndpoint notify
INFORMAÇÕES: Unsupported notification method: $/setTrace
2026.06.07 21:32:51 INFO  no build target found for C:\Users\pc\dio-design-patterns\src\Main.java. Using fallback presentation compiler.
2026.06.07 21:37:50 INFO  no build target found for C:\Users\pc\dio-design-patterns\src\Main.java. Using fallback presentation compiler.
2026.06.07 21:37:50 INFO  no build target found for C:\Users\pc\dio-design-patterns\src\Main.java. Using fallback presentation compiler.
